000 (96245.000.000) 2025-06-10 10:49:02 Job submitted from host: <172.17.47.42:9618?addrs=172.17.47.42-9618&alias=condorsc1.ciemat.es&noUDP&sock=schedd_1062_05ab>
...
040 (96245.000.000) 2025-06-10 10:49:23 Finished transferring input files
...
001 (96245.000.000) 2025-06-10 10:49:23 Job executing on host: <192.101.165.9:9618?addrs=192.101.165.9-9618&alias=pcaecuda3.ciemat.es&noUDP&sock=startd_3502_a8c0>
	SlotName: slot1_2@pcaecuda3.ciemat.es
	CondorScratchDir = "/var/lib/condor/execute/dir_3123852"
	Cpus = 1
	Disk = 5284745
	Memory = 128
...
006 (96245.000.000) 2025-06-10 10:49:36 Image size of job updated: 3864
	4  -  MemoryUsage of job (MB)
	3864  -  ResidentSetSize of job (KB)
...
006 (96245.000.000) 2025-06-10 10:49:47 Image size of job updated: 7084
	7  -  MemoryUsage of job (MB)
	7084  -  ResidentSetSize of job (KB)
...
006 (96245.000.000) 2025-06-10 11:18:38 Image size of job updated: 7084
	9  -  MemoryUsage of job (MB)
	8580  -  ResidentSetSize of job (KB)
...
040 (96245.000.000) 2025-06-10 11:18:38 Started transferring output files
...
040 (96245.000.000) 2025-06-10 11:18:38 Finished transferring output files
...
005 (96245.000.000) 2025-06-10 11:18:38 Job terminated.
	(1) Normal termination (return value 0)
		Usr 0 00:03:12, Sys 0 00:00:19  -  Run Remote Usage
		Usr 0 00:00:00, Sys 0 00:00:00  -  Run Local Usage
		Usr 0 00:03:12, Sys 0 00:00:19  -  Total Remote Usage
		Usr 0 00:00:00, Sys 0 00:00:00  -  Total Local Usage
	0  -  Run Bytes Sent By Job
	0  -  Run Bytes Received By Job
	0  -  Total Bytes Sent By Job
	0  -  Total Bytes Received By Job
	Partitionable Resources :    Usage  Request Allocated 
	   Cpus                 :        0        1         1 
	   Disk (KB)            :       32     1500   5284745 
	   Memory (MB)          :        9        2       128 

	Job terminated of its own accord at 2025-06-10T08:49:47Z with signal 15.
...
