000 (96371.000.000) 2025-06-16 14:34:47 Job submitted from host: <172.17.47.42:9618?addrs=172.17.47.42-9618&alias=condorsc1.ciemat.es&noUDP&sock=schedd_1062_05ab>
...
040 (96371.000.000) 2025-06-16 14:35:18 Finished transferring input files
...
001 (96371.000.000) 2025-06-16 14:35:18 Job executing on host: <192.101.165.9:9618?addrs=192.101.165.9-9618&alias=pcaecuda3.ciemat.es&noUDP&sock=startd_3502_a8c0>
	SlotName: slot1_2@pcaecuda3.ciemat.es
	CondorScratchDir = "/var/lib/condor/execute/dir_517572"
	Cpus = 1
	Disk = 5284745
	Memory = 128
...
006 (96371.000.000) 2025-06-16 14:35:27 Image size of job updated: 2612
	3  -  MemoryUsage of job (MB)
	2612  -  ResidentSetSize of job (KB)
...
006 (96371.000.000) 2025-06-16 14:35:36 Image size of job updated: 7152
	7  -  MemoryUsage of job (MB)
	7152  -  ResidentSetSize of job (KB)
...
006 (96371.000.000) 2025-06-16 16:45:23 Image size of job updated: 7152
	8  -  MemoryUsage of job (MB)
	7876  -  ResidentSetSize of job (KB)
...
040 (96371.000.000) 2025-06-16 16:45:23 Started transferring output files
...
040 (96371.000.000) 2025-06-16 16:45:23 Finished transferring output files
...
005 (96371.000.000) 2025-06-16 16:45:23 Job terminated.
	(1) Normal termination (return value 255)
		Usr 0 00:00:00, Sys 0 00:00:00  -  Run Remote Usage
		Usr 0 00:00:00, Sys 0 00:00:00  -  Run Local Usage
		Usr 0 00:00:00, Sys 0 00:00:00  -  Total Remote Usage
		Usr 0 00:00:00, Sys 0 00:00:00  -  Total Local Usage
	0  -  Run Bytes Sent By Job
	0  -  Run Bytes Received By Job
	0  -  Total Bytes Sent By Job
	0  -  Total Bytes Received By Job
	Partitionable Resources :    Usage  Request Allocated 
	   Cpus                 :        0        1         1 
	   Disk (KB)            :       32     1500   5284745 
	   Memory (MB)          :        8        2       128 

	Job terminated of its own accord at 2025-06-16T12:35:36Z with signal 15.
...
